// Vitest Snapshot v1, https://vitest.dev/guide/snapshot.html

exports[`index page component 1`] = `
<DocumentFragment>
  <div>
    hello component 
    <img
      alt="alt"
      data-nimg="1"
      decoding="async"
      loading="lazy"
      src="/src/example.png"
      style="color: transparent;"
      width="300"
    />
  </div>
</DocumentFragment>
`;
